AR pipecpu behavioral /edu/henni142/Documents/TSEA83/hardware/src/PipeCPU.vhd sub00/vhpl29 1558373043
PH chars NULL /edu/henni142/Documents/TSEA83/hardware/src/VGA/Chars.vhd sub00/vhpl01 1558373015
EN vga_engine NULL /edu/henni142/Documents/TSEA83/hardware/src/VGA/VGA_Engine.vhd sub00/vhpl20 1558373034
EN keyboarddecoder NULL /edu/henni142/Documents/TSEA83/hardware/src/KeyboardDecoder/KeyboardDecoder.vhd sub00/vhpl22 1558373036
AR uart behavioral /edu/henni142/Documents/TSEA83/hardware/src/UART/uart.vhd sub00/vhpl25 1558373039
AR programmemory behaviour /edu/henni142/Documents/TSEA83/hardware/src/ProgramMemory/ProgramMemory.vhd sub00/vhpl13 1558373027
AR datamemory behavioral /edu/henni142/Documents/TSEA83/hardware/src/DataMemory/DataMemory.vhd sub00/vhpl11 1558373025
EN videomemory NULL /edu/henni142/Documents/TSEA83/hardware/src/VideoMemory/VideoMemory.vhd sub00/vhpl16 1558373030
AR vga_engine behavioral /edu/henni142/Documents/TSEA83/hardware/src/VGA/VGA_Engine.vhd sub00/vhpl21 1558373035
EN writebacklogic NULL /edu/henni142/Documents/TSEA83/hardware/src/WriteBackLogic/WriteBackLogic.vhd sub00/vhpl18 1558373032
AR dataforwarding behavioral /edu/henni142/Documents/TSEA83/hardware/src/DataForwarding/DataForwarding.vhd sub00/vhpl09 1558373023
EN dataforwarding NULL /edu/henni142/Documents/TSEA83/hardware/src/DataForwarding/DataForwarding.vhd sub00/vhpl08 1558373022
AR keyboarddecoder behavioral /edu/henni142/Documents/TSEA83/hardware/src/KeyboardDecoder/KeyboardDecoder.vhd sub00/vhpl23 1558373037
AR leddriver behavioral /edu/henni142/Documents/TSEA83/hardware/src/leddriver.vhd sub00/vhpl27 1558373041
AR writebacklogic behavioral /edu/henni142/Documents/TSEA83/hardware/src/WriteBackLogic/WriteBackLogic.vhd sub00/vhpl19 1558373033
PH pipecpu_std NULL /edu/henni142/Documents/TSEA83/hardware/src/Constants.vhd sub00/vhpl00 1558373014
PH data_file NULL /edu/henni142/Documents/TSEA83/hardware/src/data.vhd sub00/vhpl03 1558373017
EN controlunit NULL /edu/henni142/Documents/TSEA83/hardware/src/ControlUnit/ControlUnit.vhd sub00/vhpl04 1558373018
EN programmemory NULL /edu/henni142/Documents/TSEA83/hardware/src/ProgramMemory/ProgramMemory.vhd sub00/vhpl12 1558373026
AR alu behavioral /edu/henni142/Documents/TSEA83/hardware/src/ALU/ALU.vhd sub00/vhpl07 1558373021
AR registerfile behavioral /edu/henni142/Documents/TSEA83/hardware/src/RegisterFile/RegisterFile.vhd sub00/vhpl15 1558373029
EN datamemory NULL /edu/henni142/Documents/TSEA83/hardware/src/DataMemory/DataMemory.vhd sub00/vhpl10 1558373024
EN leddriver NULL /edu/henni142/Documents/TSEA83/hardware/src/leddriver.vhd sub00/vhpl26 1558373040
PH program_file NULL /edu/henni142/Documents/TSEA83/hardware/src/program.vhd sub00/vhpl02 1558373016
EN uart NULL /edu/henni142/Documents/TSEA83/hardware/src/UART/uart.vhd sub00/vhpl24 1558373038
AR controlunit behavioral /edu/henni142/Documents/TSEA83/hardware/src/ControlUnit/ControlUnit.vhd sub00/vhpl05 1558373019
EN pipecpu NULL /edu/henni142/Documents/TSEA83/hardware/src/PipeCPU.vhd sub00/vhpl28 1558373042
AR videomemory behavioral /edu/henni142/Documents/TSEA83/hardware/src/VideoMemory/VideoMemory.vhd sub00/vhpl17 1558373031
EN alu NULL /edu/henni142/Documents/TSEA83/hardware/src/ALU/ALU.vhd sub00/vhpl06 1558373020
EN registerfile NULL /edu/henni142/Documents/TSEA83/hardware/src/RegisterFile/RegisterFile.vhd sub00/vhpl14 1558373028
