V3 59
FL /edu/henni142/Documents/TSEA83/hardware/src/ALU/ALU.vhd 2019/05/20.18:32:05 M.81d
EN work/ALU 1558373020 FL /edu/henni142/Documents/TSEA83/hardware/src/ALU/ALU.vhd \
      PB ieee/std_logic_1164 1290154108 PB ieee/NUMERIC_STD 1290154109 \
      PH work/PIPECPU_STD 1558373014
AR work/ALU/Behavioral 1558373021 \
      FL /edu/henni142/Documents/TSEA83/hardware/src/ALU/ALU.vhd EN work/ALU 1558373020
FL /edu/henni142/Documents/TSEA83/hardware/src/Constants.vhd 2019/05/14.14:34:04 M.81d
PH work/PIPECPU_STD 1558373014 \
      FL /edu/henni142/Documents/TSEA83/hardware/src/Constants.vhd \
      PB ieee/std_logic_1164 1290154108 PB ieee/NUMERIC_STD 1290154109
FL /edu/henni142/Documents/TSEA83/hardware/src/ControlUnit/ControlUnit.vhd 2019/05/20.17:00:56 M.81d
EN work/ControlUnit 1558373018 \
      FL /edu/henni142/Documents/TSEA83/hardware/src/ControlUnit/ControlUnit.vhd \
      PB ieee/std_logic_1164 1290154108 PB ieee/NUMERIC_STD 1290154109 \
      PH work/PIPECPU_STD 1558373014
AR work/ControlUnit/Behavioral 1558373019 \
      FL /edu/henni142/Documents/TSEA83/hardware/src/ControlUnit/ControlUnit.vhd \
      EN work/ControlUnit 1558373018
FL /edu/henni142/Documents/TSEA83/hardware/src/data.vhd 2019/05/20.18:40:03 M.81d
PH work/data_file 1558373017 \
      FL /edu/henni142/Documents/TSEA83/hardware/src/data.vhd \
      PB ieee/std_logic_1164 1290154108 PB ieee/NUMERIC_STD 1290154109 \
      PH work/PIPECPU_STD 1558373014
FL /edu/henni142/Documents/TSEA83/hardware/src/DataForwarding/DataForwarding.vhd 2019/05/19.22:31:16 M.81d
EN work/DataForwarding 1558373022 \
      FL /edu/henni142/Documents/TSEA83/hardware/src/DataForwarding/DataForwarding.vhd \
      PB ieee/std_logic_1164 1290154108 PB ieee/NUMERIC_STD 1290154109 \
      PH work/PIPECPU_STD 1558373014
AR work/DataForwarding/Behavioral 1558373023 \
      FL /edu/henni142/Documents/TSEA83/hardware/src/DataForwarding/DataForwarding.vhd \
      EN work/DataForwarding 1558373022
FL /edu/henni142/Documents/TSEA83/hardware/src/DataMemory/DataMemory.vhd 2019/05/19.22:31:16 M.81d
EN work/DataMemory 1558373024 \
      FL /edu/henni142/Documents/TSEA83/hardware/src/DataMemory/DataMemory.vhd \
      PB ieee/std_logic_1164 1290154108 PB ieee/NUMERIC_STD 1290154109 \
      PH work/PIPECPU_STD 1558373014 PH work/data_file 1558373017
AR work/DataMemory/Behavioral 1558373025 \
      FL /edu/henni142/Documents/TSEA83/hardware/src/DataMemory/DataMemory.vhd \
      EN work/DataMemory 1558373024
FL /edu/henni142/Documents/TSEA83/hardware/src/KeyboardDecoder/KeyboardDecoder.vhd 2019/05/19.22:31:16 M.81d
EN work/KeyboardDecoder 1558373036 \
      FL /edu/henni142/Documents/TSEA83/hardware/src/KeyboardDecoder/KeyboardDecoder.vhd \
      PB ieee/std_logic_1164 1290154108 PB ieee/NUMERIC_STD 1290154109 \
      PH work/PIPECPU_STD 1558373014
AR work/KeyboardDecoder/Behavioral 1558373037 \
      FL /edu/henni142/Documents/TSEA83/hardware/src/KeyboardDecoder/KeyboardDecoder.vhd \
      EN work/KeyboardDecoder 1558373036
FL /edu/henni142/Documents/TSEA83/hardware/src/leddriver.vhd 2019/05/15.08:27:24 M.81d
EN work/leddriver 1558373040 \
      FL /edu/henni142/Documents/TSEA83/hardware/src/leddriver.vhd \
      PB ieee/std_logic_1164 1290154108 PB ieee/NUMERIC_STD 1290154109
AR work/leddriver/Behavioral 1558373041 \
      FL /edu/henni142/Documents/TSEA83/hardware/src/leddriver.vhd \
      EN work/leddriver 1558373040
FL /edu/henni142/Documents/TSEA83/hardware/src/PipeCPU.vhd 2019/05/20.19:12:15 M.81d
EN work/PipeCPU 1558373042 \
      FL /edu/henni142/Documents/TSEA83/hardware/src/PipeCPU.vhd \
      PB ieee/std_logic_1164 1290154108 PB ieee/NUMERIC_STD 1290154109 \
      PH work/PIPECPU_STD 1558373014
AR work/PipeCPU/Behavioral 1558373043 \
      FL /edu/henni142/Documents/TSEA83/hardware/src/PipeCPU.vhd EN work/PipeCPU 1558373042 \
      CP ControlUnit CP ALU CP DataForwarding CP DataMemory CP ProgramMemory \
      CP RegisterFile CP VideoMemory CP WriteBackLogic CP VGA_Engine \
      CP KeyboardDecoder CP UART CP leddriver
FL /edu/henni142/Documents/TSEA83/hardware/src/program.vhd 2019/05/20.18:40:07 M.81d
PH work/program_file 1558373016 \
      FL /edu/henni142/Documents/TSEA83/hardware/src/program.vhd \
      PB ieee/std_logic_1164 1290154108 PB ieee/NUMERIC_STD 1290154109 \
      PH work/PIPECPU_STD 1558373014
FL /edu/henni142/Documents/TSEA83/hardware/src/ProgramMemory/ProgramMemory.vhd 2019/05/19.22:31:16 M.81d
EN work/ProgramMemory 1558373026 \
      FL /edu/henni142/Documents/TSEA83/hardware/src/ProgramMemory/ProgramMemory.vhd \
      PB ieee/std_logic_1164 1290154108 PB ieee/NUMERIC_STD 1290154109 \
      PH work/PIPECPU_STD 1558373014 PH work/program_file 1558373016
AR work/ProgramMemory/Behaviour 1558373027 \
      FL /edu/henni142/Documents/TSEA83/hardware/src/ProgramMemory/ProgramMemory.vhd \
      EN work/ProgramMemory 1558373026
FL /edu/henni142/Documents/TSEA83/hardware/src/RegisterFile/RegisterFile.vhd 2019/05/19.22:31:16 M.81d
EN work/RegisterFile 1558373028 \
      FL /edu/henni142/Documents/TSEA83/hardware/src/RegisterFile/RegisterFile.vhd \
      PB ieee/std_logic_1164 1290154108 PB ieee/NUMERIC_STD 1290154109 \
      PH work/PIPECPU_STD 1558373014
AR work/RegisterFile/Behavioral 1558373029 \
      FL /edu/henni142/Documents/TSEA83/hardware/src/RegisterFile/RegisterFile.vhd \
      EN work/RegisterFile 1558373028
FL /edu/henni142/Documents/TSEA83/hardware/src/UART/uart.vhd 2019/05/19.22:31:16 M.81d
EN work/UART 1558373038 \
      FL /edu/henni142/Documents/TSEA83/hardware/src/UART/uart.vhd \
      PB ieee/std_logic_1164 1290154108 PB ieee/NUMERIC_STD 1290154109
AR work/UART/Behavioral 1558373039 \
      FL /edu/henni142/Documents/TSEA83/hardware/src/UART/uart.vhd EN work/UART 1558373038
FL /edu/henni142/Documents/TSEA83/hardware/src/VGA/Chars.vhd 2019/05/12.18:19:03 M.81d
PH work/CHARS 1558373015 \
      FL /edu/henni142/Documents/TSEA83/hardware/src/VGA/Chars.vhd \
      PB ieee/std_logic_1164 1290154108 PB ieee/NUMERIC_STD 1290154109
FL /edu/henni142/Documents/TSEA83/hardware/src/VGA/VGA_Engine.vhd 2019/05/20.18:09:09 M.81d
EN work/VGA_Engine 1558373034 \
      FL /edu/henni142/Documents/TSEA83/hardware/src/VGA/VGA_Engine.vhd \
      PB ieee/std_logic_1164 1290154108 PB ieee/NUMERIC_STD 1290154109 \
      PH work/PIPECPU_STD 1558373014 PH work/CHARS 1558373015
AR work/VGA_Engine/Behavioral 1558373035 \
      FL /edu/henni142/Documents/TSEA83/hardware/src/VGA/VGA_Engine.vhd \
      EN work/VGA_Engine 1558373034
FL /edu/henni142/Documents/TSEA83/hardware/src/VideoMemory/VideoMemory.vhd 2019/05/19.22:36:41 M.81d
EN work/VideoMemory 1558373030 \
      FL /edu/henni142/Documents/TSEA83/hardware/src/VideoMemory/VideoMemory.vhd \
      PB ieee/std_logic_1164 1290154108 PB ieee/NUMERIC_STD 1290154109 \
      PH work/PIPECPU_STD 1558373014
AR work/VideoMemory/Behavioral 1558373031 \
      FL /edu/henni142/Documents/TSEA83/hardware/src/VideoMemory/VideoMemory.vhd \
      EN work/VideoMemory 1558373030
FL /edu/henni142/Documents/TSEA83/hardware/src/WriteBackLogic/WriteBackLogic.vhd 2019/05/20.17:00:56 M.81d
EN work/WriteBackLogic 1558373032 \
      FL /edu/henni142/Documents/TSEA83/hardware/src/WriteBackLogic/WriteBackLogic.vhd \
      PB ieee/std_logic_1164 1290154108 PB ieee/NUMERIC_STD 1290154109 \
      PH work/PIPECPU_STD 1558373014
AR work/WriteBackLogic/Behavioral 1558373033 \
      FL /edu/henni142/Documents/TSEA83/hardware/src/WriteBackLogic/WriteBackLogic.vhd \
      EN work/WriteBackLogic 1558373032
